0.0 0.0,1.0000000E+00 1.0000000E+00 0.0000000E+00
