-3.25508728E-01 2.56154146E-02,3.82987615E-01 6.14236649E-01,4.30550361E-01 7.00261531E-01,2.34386880E-01 3.98394972E-01
-3.25465543E-01 -6.48875790E-01,5.04252148E-01 8.79928849E-01,5.57351904E-01 9.84038683E-01,3.00345598E-01 5.58028647E-01
-3.25328860E-01 -1.32336699E+00,9.16482668E-02 1.42519164E-01,1.23112543E-01 1.93261331E-01,8.11827574E-02 1.30483740E-01
3.48982544E-01 2.56154146E-02,2.56561554E-01 3.95399229E-01,3.00461838E-01 4.63001475E-01,1.67032346E-01 2.68479350E-01
3.49068913E-01 -6.48875790E-01,4.16971426E-01 6.91694652E-01,4.55743221E-01 7.70520107E-01,2.42752219E-01 4.19868390E-01
3.49342281E-01 -1.32336699E+00,9.35060384E-02 1.49411005E-01,1.23284219E-01 1.98161687E-01,8.00720779E-02 1.30266168E-01
