-0.32550872816 0.025615414579,3.8298762E-01 6.1423665E-01,4.3055036E-01 7.0026153E-01,2.3438688E-01 3.9839497E-01
-0.325465543456 -0.64887578986,5.0425215E-01 8.7992885E-01,5.5735190E-01 9.8403868E-01,3.0034560E-01 5.5802865E-01
-0.325328859573 -1.3233669943,9.1648267E-02 1.4251916E-01,1.2311254E-01 1.9326133E-01,8.1182757E-02 1.3048374E-01
0.348982543679 0.025615414579,2.5656155E-01 3.9539923E-01,3.0046184E-01 4.6300147E-01,1.6703235E-01 2.6847935E-01
0.349068913089 -0.64887578986,4.1697143E-01 6.9169465E-01,4.5574322E-01 7.7052011E-01,2.4275222E-01 4.1986839E-01
0.349342280855 -1.3233669943,9.3506038E-02 1.4941101E-01,1.2328422E-01 1.9816169E-01,8.0072078E-02 1.3026617E-01
