-0.32550872816 0.025615414579,3.7914108E-01 6.4199895E-01,4.2729896E-01 7.3008203E-01,2.3035874E-01 4.0663926E-01
-0.325465543456 -0.64887578986,5.5875963E-01 1.0112480E+00,6.2314064E-01 1.1486458E+00,3.3257780E-01 6.4401752E-01
-0.325328859573 -1.3233669943,6.1374404E-02 9.6158572E-02,8.0575380E-02 1.2463558E-01,5.7973976E-02 9.0087790E-02
0.348982543679 0.025615414579,2.1723534E-01 3.4191378E-01,2.5003366E-01 3.9806091E-01,1.4171853E-01 2.2577927E-01
0.349068913089 -0.64887578986,4.4388456E-01 7.7956738E-01,4.9609297E-01 8.6774938E-01,2.6011223E-01 4.6419866E-01
0.349342280855 -1.3233669943,6.3274269E-02 1.0304570E-01,8.1767019E-02 1.3035832E-01,5.7664646E-02 9.1101300E-02
