-3.25508728E-01 2.56154146E-02,3.79141081E-01 5.97031032E-01,4.24271023E-01 6.81666611E-01,2.30358744E-01 3.92823658E-01
-3.25465543E-01 -6.48875790E-01,4.73298104E-01 7.84779798E-01,5.13640982E-01 8.58309389E-01,2.80794033E-01 4.92492541E-01
-3.25328860E-01 -1.32336699E+00,6.13744045E-02 9.61585722E-02,8.05753800E-02 1.24635576E-01,5.79739760E-02 9.00877896E-02
3.48982544E-01 2.56154146E-02,2.17235337E-01 3.41913779E-01,2.50033657E-01 3.98060911E-01,1.41718535E-01 2.25779269E-01
3.49068913E-01 -6.48875790E-01,4.01941859E-01 6.32894859E-01,4.32942676E-01 6.90828750E-01,2.32617016E-01 3.87766682E-01
3.49342281E-01 -1.32336699E+00,6.32742694E-02 1.03045697E-01,8.17670192E-02 1.30358321E-01,5.76646462E-02 9.11013002E-02
