<?xml version="1.0" encoding="utf-8"?>
<nrml
xmlns="http://openquake.org/xmlns/nrml/0.5"
xmlns:gml="http://www.opengis.net/gml"
>
    <totalDmgDist>
        <damageStates>
            no_damage LS1 LS2
        </damageStates>
        <damage ds="no_damage" mean="1.7224253E+03" stddev="9.5413228E+02"/>
        <damage ds="LS1" mean="2.4767175E+03" stddev="6.6732405E+02"/>
        <damage ds="LS2" mean="1.8008573E+03" stddev="8.8110504E+02"/>
    </totalDmgDist>
</nrml>
