<?xml version="1.0" encoding="utf-8"?>
<nrml
xmlns="http://openquake.org/xmlns/nrml/0.5"
xmlns:gml="http://www.opengis.net/gml"
>
    <dmgDistPerAsset>
        <damageStates>
            no_damage slight moderate extreme complete
        </damageStates>
        <DDNode>
            <gml:Point>
                <gml:pos>
                    81.13882 28.41117
                </gml:pos>
            </gml:Point>
            <asset
            assetRef="a4351"
            >
                <damage ds="no_damage" mean="3.6620000E+03" stddev="0.0000000E+00"/>
                <damage ds="slight" mean="0.0000000E+00" stddev="0.0000000E+00"/>
                <damage ds="moderate" mean="0.0000000E+00" stddev="0.0000000E+00"/>
                <damage ds="extreme" mean="0.0000000E+00" stddev="0.0000000E+00"/>
                <damage ds="complete" mean="0.0000000E+00" stddev="0.0000000E+00"/>
            </asset>
        </DDNode>
        <DDNode>
            <gml:Point>
                <gml:pos>
                    81.21382 28.71117
                </gml:pos>
            </gml:Point>
            <asset
            assetRef="a395"
            >
                <damage ds="no_damage" mean="1.8000000E+01" stddev="0.0000000E+00"/>
                <damage ds="slight" mean="0.0000000E+00" stddev="0.0000000E+00"/>
                <damage ds="moderate" mean="0.0000000E+00" stddev="0.0000000E+00"/>
                <damage ds="extreme" mean="0.0000000E+00" stddev="0.0000000E+00"/>
                <damage ds="complete" mean="0.0000000E+00" stddev="0.0000000E+00"/>
            </asset>
        </DDNode>
        <DDNode>
            <gml:Point>
                <gml:pos>
                    81.21382 29.98617
                </gml:pos>
            </gml:Point>
            <asset
            assetRef="a7180"
            >
                <damage ds="no_damage" mean="3.9000000E+01" stddev="0.0000000E+00"/>
                <damage ds="slight" mean="0.0000000E+00" stddev="0.0000000E+00"/>
                <damage ds="moderate" mean="0.0000000E+00" stddev="0.0000000E+00"/>
                <damage ds="extreme" mean="0.0000000E+00" stddev="0.0000000E+00"/>
                <damage ds="complete" mean="0.0000000E+00" stddev="0.0000000E+00"/>
            </asset>
        </DDNode>
        <DDNode>
            <gml:Point>
                <gml:pos>
                    81.96382 27.96117
                </gml:pos>
            </gml:Point>
            <asset
            assetRef="a2925"
            >
                <damage ds="no_damage" mean="1.2443795E+02" stddev="1.1740407E+01"/>
                <damage ds="slight" mean="1.1124105E+00" stddev="2.3480813E+00"/>
                <damage ds="moderate" mean="1.9207622E+00" stddev="4.0543538E+00"/>
                <damage ds="extreme" mean="1.2829802E+00" stddev="2.7081205E+00"/>
                <damage ds="complete" mean="1.2458998E+00" stddev="2.6298511E+00"/>
            </asset>
        </DDNode>
        <DDNode>
            <gml:Point>
                <gml:pos>
                    81.96382 28.56117
                </gml:pos>
            </gml:Point>
            <asset
            assetRef="a3518"
            >
                <damage ds="no_damage" mean="5.7535379E+02" stddev="5.5802229E+01"/>
                <damage ds="slight" mean="3.5292428E+00" stddev="1.1160446E+01"/>
                <damage ds="moderate" mean="6.0938260E+00" stddev="1.9270370E+01"/>
                <damage ds="extreme" mean="4.0703934E+00" stddev="1.2871714E+01"/>
                <damage ds="complete" mean="3.9527520E+00" stddev="1.2499699E+01"/>
            </asset>
        </DDNode>
        <DDNode>
            <gml:Point>
                <gml:pos>
                    82.78882 29.46117
                </gml:pos>
            </gml:Point>
            <asset
            assetRef="a2544"
            >
                <damage ds="no_damage" mean="2.7774349E+01" stddev="2.5980994E+00"/>
                <damage ds="slight" mean="2.4513017E-01" stddev="5.1961988E-01"/>
                <damage ds="moderate" mean="4.2325809E-01" stddev="8.9721032E-01"/>
                <damage ds="extreme" mean="2.8271680E-01" stddev="5.9929493E-01"/>
                <damage ds="complete" mean="2.7454579E-01" stddev="5.8197426E-01"/>
            </asset>
        </DDNode>
        <DDNode>
            <gml:Point>
                <gml:pos>
                    83.23882 28.11117
                </gml:pos>
            </gml:Point>
            <asset
            assetRef="a4102"
            >
                <damage ds="no_damage" mean="1.1464892E+03" stddev="3.4074793E+02"/>
                <damage ds="slight" mean="1.4670216E+02" stddev="6.8149586E+01"/>
                <damage ds="moderate" mean="2.5330573E+02" stddev="1.1767162E+02"/>
                <damage ds="extreme" mean="1.6919649E+02" stddev="7.8599190E+01"/>
                <damage ds="complete" mean="1.6430642E+02" stddev="7.6327537E+01"/>
            </asset>
        </DDNode>
        <DDNode>
            <gml:Point>
                <gml:pos>
                    83.46382 28.93617
                </gml:pos>
            </gml:Point>
            <asset
            assetRef="a125"
            >
                <damage ds="no_damage" mean="2.8980569E+00" stddev="6.9184691E-01"/>
                <damage ds="slight" mean="6.1573702E-01" stddev="3.3932139E-01"/>
                <damage ds="moderate" mean="3.6870121E-01" stddev="2.4564191E-01"/>
                <damage ds="extreme" mean="9.0897519E-02" stddev="8.4381418E-02"/>
                <damage ds="complete" mean="2.6607333E-02" stddev="3.7733149E-02"/>
            </asset>
        </DDNode>
        <DDNode>
            <gml:Point>
                <gml:pos>
                    83.91382 29.31117
                </gml:pos>
            </gml:Point>
            <asset
            assetRef="a4498"
            >
                <damage ds="no_damage" mean="7.3122061E-01" stddev="1.6997048E-01"/>
                <damage ds="slight" mean="5.6311879E-02" stddev="3.5610456E-02"/>
                <damage ds="moderate" mean="9.2655007E-02" stddev="5.8593091E-02"/>
                <damage ds="extreme" mean="6.0705004E-02" stddev="3.8388577E-02"/>
                <damage ds="complete" mean="5.9107504E-02" stddev="3.7378351E-02"/>
            </asset>
        </DDNode>
        <DDNode>
            <gml:Point>
                <gml:pos>
                    85.26382 27.36117
                </gml:pos>
            </gml:Point>
            <asset
            assetRef="a8309"
            >
                <damage ds="no_damage" mean="2.2736439E+02" stddev="1.7636768E+02"/>
                <damage ds="slight" mean="1.0561499E+02" stddev="4.1678337E+01"/>
                <damage ds="moderate" mean="1.3808267E+02" stddev="3.1893228E+01"/>
                <damage ds="extreme" mean="9.7307808E+01" stddev="4.5450674E+01"/>
                <damage ds="complete" mean="1.4663014E+02" stddev="1.3273034E+02"/>
            </asset>
        </DDNode>
        <DDNode>
            <gml:Point>
                <gml:pos>
                    87.58882 27.43617
                </gml:pos>
            </gml:Point>
            <asset
            assetRef="a5229"
            >
                <damage ds="no_damage" mean="4.4000000E+01" stddev="0.0000000E+00"/>
                <damage ds="slight" mean="0.0000000E+00" stddev="0.0000000E+00"/>
                <damage ds="moderate" mean="0.0000000E+00" stddev="0.0000000E+00"/>
                <damage ds="extreme" mean="0.0000000E+00" stddev="0.0000000E+00"/>
                <damage ds="complete" mean="0.0000000E+00" stddev="0.0000000E+00"/>
            </asset>
        </DDNode>
    </dmgDistPerAsset>
</nrml>
