col=00~ses=0001~src=1-296~rup=002-01,0 1,1.52418005E-02 1.01317054E-02
col=00~ses=0001~src=2-231~rup=002-01,0 1,1.70373477E-03 1.81994082E-03
col=00~ses=0001~src=2-40~rup=001-01,0 1,4.52516543E-04 6.01598470E-05
col=00~ses=0001~src=24-72~rup=002-01,0 1,1.11256249E-03 6.75574294E-04
