0.0 0.0,5.4406271E-01 2.1564097E-02 5.9982004E-04
