-0.1 0.0,2.0000000E-01 2.0000000E-01 2.0000000E-01,8.0000000E-01 8.0000000E-01 6.3482970E-01
0.0 0.0,2.0000000E-01 2.0000000E-01 2.0000000E-01,8.0000000E-01 8.0000000E-01 5.9424853E-01
0.1 0.0,2.0000000E-01 2.0000000E-01 2.0000000E-01,8.0000000E-01 8.0000000E-01 7.4748311E-01
