-0.1 0.0,2.0000000E-01 1.1399327E-01 6.1277636E-02,8.0000000E-01 2.5896589E-01 1.4162196E-01
0.0 0.0,2.0000000E-01 1.2463647E-01 7.0521269E-02,8.0000000E-01 2.8871369E-01 1.6768798E-01
0.1 0.0,2.0000000E-01 1.1933778E-01 6.7089068E-02,7.6084436E-01 2.7527871E-01 1.5944548E-01
