-0.1 0.0,2.0000000E-01 1.6354660E-01 8.6638609E-02,8.0000000E-01 3.5199790E-01 1.9339646E-01
0.0 0.0,2.0000000E-01 1.8524662E-01 1.0965092E-01,8.0000000E-01 4.0217184E-01 2.3793626E-01
0.1 0.0,2.0000000E-01 1.8006396E-01 1.0401485E-01,8.0000000E-01 3.8858537E-01 2.2362478E-01
