-0.1 0.0,2.0000000E-01 2.0000000E-01 2.0000000E-01,8.0000000E-01 8.0000000E-01 8.0000000E-01
0.0 0.0,2.0000000E-01 2.0000000E-01 2.0000000E-01,8.0000000E-01 8.0000000E-01 7.5758157E-01
0.1 0.0,2.0000000E-01 2.0000000E-01 2.0000000E-01,8.0000000E-01 8.0000000E-01 7.0020253E-01
