-1.00000000E-01 0.00000000E+00,2.00000000E-01 2.00000000E-01 2.00000000E-01,8.00000000E-01 8.00000000E-01 6.34829696E-01
0.00000000E+00 0.00000000E+00,2.00000000E-01 2.00000000E-01 2.00000000E-01,8.00000000E-01 8.00000000E-01 5.94248527E-01
1.00000000E-01 0.00000000E+00,2.00000000E-01 2.00000000E-01 2.00000000E-01,8.00000000E-01 8.00000000E-01 7.47483107E-01
