-0.1 0.0,2.0000000E-01 2.0000000E-01 2.0000000E-01,8.0000000E-01 8.0000000E-01 5.8916639E-01
0.0 0.0,2.0000000E-01 2.0000000E-01 2.0000000E-01,8.0000000E-01 8.0000000E-01 5.9738353E-01
0.1 0.0,2.0000000E-01 2.0000000E-01 2.0000000E-01,8.0000000E-01 8.0000000E-01 8.0000000E-01
