-1.00000000E-01 0.00000000E+00,2.00000000E-01 2.00000000E-01 2.00000000E-01,8.00000000E-01 8.00000000E-01 6.83569573E-01
0.00000000E+00 0.00000000E+00,2.00000000E-01 2.00000000E-01 2.00000000E-01,8.00000000E-01 6.67002352E-01 4.28591103E-01
1.00000000E-01 0.00000000E+00,2.00000000E-01 2.00000000E-01 2.00000000E-01,8.00000000E-01 8.00000000E-01 6.73537778E-01
