LossType,Unit,Mean,Standard Deviation
structural,USD,2.3707413E+03,2.4017681E+03
