0.0 0.0,1.8024412E-02 1.3351426E-03 1.3735540E-04 0.0000000E+00
