0.0 0.0,9.6717917E-01 9.4137718E-01 9.0128200E-01 8.5138813E-01 7.9299366E-01
