0.0 0.0,6.6712892E-01 5.6828948E-01 1.4785621E-01
