0.0 0.0,6.3212056E-01 6.1112841E-01 2.5149555E-01
