asset_ref|no_damage|slight|moderate|extreme|complete
a1|1.041374764E-09|1.457594127E-06|1.958495367E-03|6.967635903E-02|9.283636870E-01
