asset_ref,lon,lat,avg_loss~structural,ins_loss~structural
a1,8.129850E+01,2.910980E+01,1.699100E+04,       NAN
a2,8.308230E+01,2.790060E+01,2.229242E+06,       NAN
a3,8.325100E+01,2.834050E+01,2.560890E+06,       NAN
a4,8.056210E+01,2.951040E+01,2.762932E+03,       NAN
a5,8.117910E+01,2.971360E+01,1.635293E+03,       NAN
a6,8.156850E+01,2.956420E+01,4.606845E+03,       NAN
