<?xml version="1.0" encoding="utf-8"?>
<nrml
xmlns="http://openquake.org/xmlns/nrml/0.5"
xmlns:gml="http://www.opengis.net/gml"
>
    <collapseMap>
        <CMNode>
            <gml:Point>
                <gml:pos>
                    15.56 38.17
                </gml:pos>
            </gml:Point>
            <cf assetRef="a2" mean="2.8136008E+02" stdDev="2.5064592E+02"/>
        </CMNode>
    </collapseMap>
</nrml>
