<?xml version="1.0" encoding="utf-8"?>
<nrml
xmlns="http://openquake.org/xmlns/nrml/0.5"
xmlns:gml="http://www.opengis.net/gml"
>
    <totalDmgDist>
        <damageStates>
            no_damage LS1 LS2
        </damageStates>
        <damage ds="no_damage" mean="9.9863273E+02" stddev="4.9148433E+02"/>
        <damage ds="LS1" mean="7.2000719E+02" stddev="2.4963548E+02"/>
        <damage ds="LS2" mean="2.8136008E+02" stddev="2.5064592E+02"/>
    </totalDmgDist>
</nrml>
