0.0 0.0,9.9924923E-04 4.5414519E-05 4.0620071E-06 0.0000000E+00
