<?xml version="1.0" encoding="utf-8"?>
<nrml
xmlns="http://openquake.org/xmlns/nrml/0.5"
xmlns:gml="http://www.opengis.net/gml"
>
    <dmgDistPerAsset>
        <damageStates>
            no_damage LS1 LS2
        </damageStates>
        <DDNode>
            <gml:Point>
                <gml:pos>
                    15.48 38.09
                </gml:pos>
            </gml:Point>
            <asset
            assetRef="a1"
            >
                <damage ds="no_damage" mean="1.2519884E+03" stddev="9.1342981E+02"/>
                <damage ds="LS1" mean="1.1616262E+03" stddev="5.4342369E+02"/>
                <damage ds="LS2" mean="5.8638547E+02" stddev="7.6173872E+02"/>
            </asset>
        </DDNode>
        <DDNode>
            <gml:Point>
                <gml:pos>
                    15.48 38.25
                </gml:pos>
            </gml:Point>
            <asset
            assetRef="a3"
            >
                <damage ds="no_damage" mean="1.2226490E+02" stddev="1.5446333E+02"/>
                <damage ds="LS1" mean="3.7220878E+02" stddev="1.7283877E+02"/>
                <damage ds="LS2" mean="5.0552632E+02" stddev="2.9243442E+02"/>
            </asset>
        </DDNode>
        <DDNode>
            <gml:Point>
                <gml:pos>
                    15.56 38.17
                </gml:pos>
            </gml:Point>
            <asset
            assetRef="a2"
            >
                <damage ds="no_damage" mean="6.8054307E+02" stddev="6.9533348E+02"/>
                <damage ds="LS1" mean="9.5038994E+02" stddev="3.9055504E+02"/>
                <damage ds="LS2" mean="3.6906699E+02" stddev="3.6733857E+02"/>
            </asset>
        </DDNode>
    </dmgDistPerAsset>
</nrml>
