LossType,Unit,Mean,Standard Deviation
structural,USD,1.9924000E+02,9.0232302E+02
