col=00~ses=0042~src=1~rup=1175-01,0,2.00177026E-01
col=00~ses=0054~src=1~rup=298-01,0,9.78123614E-02
col=00~ses=0074~src=1~rup=492-01,0,1.16905058E-01
