col=01~ses=0177~src=1~rup=151-01,0,8.48099946E-02
col=01~ses=0237~src=1~rup=448-01,0,1.12382842E-01
col=01~ses=0299~src=1~rup=377-01,0,1.05322401E-01
col=01~ses=0331~src=1~rup=976-01,0,1.73635097E-01
col=01~ses=0347~src=1~rup=633-01,0,1.32140812E-01
