col=02~ses=0073~src=1~rup=323-01,0,1.74667841E-02
col=02~ses=0181~src=1~rup=800-01,0,3.21680661E-02
col=02~ses=0202~src=1~rup=1587-01,0,8.81042691E-02
col=02~ses=0291~src=1~rup=375-01,0,1.86691675E-02
col=02~ses=0338~src=1~rup=425-01,0,1.99032937E-02
