<?xml version='1.0' encoding='UTF-8'?>
<nrml xmlns:gml="http://www.opengis.net/gml" xmlns="http://openquake.org/xmlns/nrml/0.5">
  <disaggMatrices sourceModelTreePath="b1" gsimTreePath="b1" IMT="SA" investigationTime="50.0" saPeriod="0.025" saDamping="5.0" lon="10.1" lat="40.1" magBinEdges="5.000000000E+00, 6.000000000E+00, 7.000000000E+00, 8.000000000E+00" distBinEdges="0.000000000E+00, 2.500000000E+01, 5.000000000E+01, 7.500000000E+01, 1.000000000E+02" lonBinEdges="9.000000000E+00, 1.050000000E+01, 1.200000000E+01" latBinEdges="3.900000000E+01, 4.050000000E+01" epsBinEdges="-3.000000000E+00, -1.000000000E+00, 1.000000000E+00, 3.000000000E+00" tectonicRegionTypes="Active Shallow Crust">
    <disaggMatrix type="Mag" dims="3" poE="1.000000000E-01" iml="3.279836003E-01">
      <prob index="0" value="5.403296899E-02"/>
      <prob index="1" value="3.054090339E-02"/>
      <prob index="2" value="9.885895255E-03"/>
    </disaggMatrix>
    <disaggMatrix type="Dist" dims="4" poE="1.000000000E-01" iml="3.279836003E-01">
      <prob index="0" value="8.762741535E-02"/>
      <prob index="1" value="4.635498782E-03"/>
      <prob index="2" value="1.465187415E-04"/>
      <prob index="3" value="0.000000000E+00"/>
    </disaggMatrix>
    <disaggMatrix type="TRT" dims="1" poE="1.000000000E-01" iml="3.279836003E-01">
      <prob index="0" value="9.198977737E-02"/>
    </disaggMatrix>
    <disaggMatrix type="Mag,Dist" dims="3,4" poE="1.000000000E-01" iml="3.279836003E-01">
      <prob index="0,0" value="5.380383544E-02"/>
      <prob index="0,1" value="2.421628356E-04"/>
      <prob index="0,2" value="0.000000000E+00"/>
      <prob index="0,3" value="0.000000000E+00"/>
      <prob index="1,0" value="2.679720862E-02"/>
      <prob index="1,1" value="3.839601474E-03"/>
      <prob index="1,2" value="7.203869062E-06"/>
      <prob index="1,3" value="0.000000000E+00"/>
      <prob index="2,0" value="9.196122033E-03"/>
      <prob index="2,1" value="5.569370496E-04"/>
      <prob index="2,2" value="1.393158761E-04"/>
      <prob index="2,3" value="0.000000000E+00"/>
    </disaggMatrix>
    <disaggMatrix type="Mag,Dist,Eps" dims="3,4,3" poE="1.000000000E-01" iml="3.279836003E-01">
      <prob index="0,0,0" value="0.000000000E+00"/>
      <prob index="0,0,1" value="9.836731603E-03"/>
      <prob index="0,0,2" value="4.440389302E-02"/>
      <prob index="0,1,0" value="0.000000000E+00"/>
      <prob index="0,1,1" value="0.000000000E+00"/>
      <prob index="0,1,2" value="2.421628356E-04"/>
      <prob index="0,2,0" value="0.000000000E+00"/>
      <prob index="0,2,1" value="0.000000000E+00"/>
      <prob index="0,2,2" value="0.000000000E+00"/>
      <prob index="0,3,0" value="0.000000000E+00"/>
      <prob index="0,3,1" value="0.000000000E+00"/>
      <prob index="0,3,2" value="0.000000000E+00"/>
      <prob index="1,0,0" value="8.170956102E-06"/>
      <prob index="1,0,1" value="1.297026749E-02"/>
      <prob index="1,0,2" value="1.400058034E-02"/>
      <prob index="1,1,0" value="0.000000000E+00"/>
      <prob index="1,1,1" value="0.000000000E+00"/>
      <prob index="1,1,2" value="3.839601474E-03"/>
      <prob index="1,2,0" value="0.000000000E+00"/>
      <prob index="1,2,1" value="0.000000000E+00"/>
      <prob index="1,2,2" value="7.203869062E-06"/>
      <prob index="1,3,0" value="0.000000000E+00"/>
      <prob index="1,3,1" value="0.000000000E+00"/>
      <prob index="1,3,2" value="0.000000000E+00"/>
      <prob index="2,0,0" value="1.022440697E-04"/>
      <prob index="2,0,1" value="5.655772652E-03"/>
      <prob index="2,0,2" value="3.458596236E-03"/>
      <prob index="2,1,0" value="0.000000000E+00"/>
      <prob index="2,1,1" value="0.000000000E+00"/>
      <prob index="2,1,2" value="5.569370496E-04"/>
      <prob index="2,2,0" value="0.000000000E+00"/>
      <prob index="2,2,1" value="0.000000000E+00"/>
      <prob index="2,2,2" value="1.393158761E-04"/>
      <prob index="2,3,0" value="0.000000000E+00"/>
      <prob index="2,3,1" value="0.000000000E+00"/>
      <prob index="2,3,2" value="0.000000000E+00"/>
    </disaggMatrix>
    <disaggMatrix type="Lon,Lat" dims="2,1" poE="1.000000000E-01" iml="3.279836003E-01">
      <prob index="0,0" value="8.936778336E-02"/>
      <prob index="1,0" value="2.879311716E-03"/>
    </disaggMatrix>
    <disaggMatrix type="Mag,Lon,Lat" dims="3,2,1" poE="1.000000000E-01" iml="3.279836003E-01">
      <prob index="0,0,0" value="5.401247345E-02"/>
      <prob index="0,1,0" value="2.166575666E-05"/>
      <prob index="1,0,0" value="2.776253273E-02"/>
      <prob index="1,1,0" value="2.857707874E-03"/>
      <prob index="2,0,0" value="9.885895255E-03"/>
      <prob index="2,1,0" value="0.000000000E+00"/>
    </disaggMatrix>
    <disaggMatrix type="Lon,Lat,TRT" dims="2,1,1" poE="1.000000000E-01" iml="3.279836003E-01">
      <prob index="0,0,0" value="8.936778336E-02"/>
      <prob index="1,0,0" value="2.879311716E-03"/>
    </disaggMatrix>
  </disaggMatrices>
</nrml>
