<?xml version='1.0' encoding='UTF-8'?>
<nrml xmlns:gml="http://www.opengis.net/gml" xmlns="http://openquake.org/xmlns/nrml/0.5">
  <disaggMatrices sourceModelTreePath="b1" gsimTreePath="b1" IMT="SA" investigationTime="50.0" saPeriod="0.025" saDamping="5.0" lon="10.1" lat="40.1" magBinEdges="5.000000000E+00, 6.000000000E+00, 7.000000000E+00, 8.000000000E+00" distBinEdges="0.000000000E+00, 2.500000000E+01, 5.000000000E+01, 7.500000000E+01, 1.000000000E+02" lonBinEdges="9.000000000E+00, 1.050000000E+01, 1.200000000E+01" latBinEdges="3.900000000E+01, 4.050000000E+01" epsBinEdges="-3.000000000E+00, -1.000000000E+00, 1.000000000E+00, 3.000000000E+00" tectonicRegionTypes="Active Shallow Crust">
    <disaggMatrix type="Mag" dims="3" poE="2.000000000E-02" iml="6.006838365E-01">
      <prob index="0" value="8.589543809E-03"/>
      <prob index="1" value="6.691209981E-03"/>
      <prob index="2" value="3.099427477E-03"/>
    </disaggMatrix>
    <disaggMatrix type="Dist" dims="4" poE="2.000000000E-02" iml="6.006838365E-01">
      <prob index="0" value="1.825653169E-02"/>
      <prob index="1" value="1.934485173E-05"/>
      <prob index="2" value="0.000000000E+00"/>
      <prob index="3" value="0.000000000E+00"/>
    </disaggMatrix>
    <disaggMatrix type="TRT" dims="1" poE="2.000000000E-02" iml="6.006838365E-01">
      <prob index="0" value="1.827552337E-02"/>
    </disaggMatrix>
    <disaggMatrix type="Mag,Dist" dims="3,4" poE="2.000000000E-02" iml="6.006838365E-01">
      <prob index="0,0" value="8.589543809E-03"/>
      <prob index="0,1" value="0.000000000E+00"/>
      <prob index="0,2" value="0.000000000E+00"/>
      <prob index="0,3" value="0.000000000E+00"/>
      <prob index="1,0" value="6.690162403E-03"/>
      <prob index="1,1" value="1.054633443E-06"/>
      <prob index="1,2" value="0.000000000E+00"/>
      <prob index="1,3" value="0.000000000E+00"/>
      <prob index="2,0" value="3.081193595E-03"/>
      <prob index="2,1" value="1.829023757E-05"/>
      <prob index="2,2" value="0.000000000E+00"/>
      <prob index="2,3" value="0.000000000E+00"/>
    </disaggMatrix>
    <disaggMatrix type="Mag,Dist,Eps" dims="3,4,3" poE="2.000000000E-02" iml="6.006838365E-01">
      <prob index="0,0,0" value="0.000000000E+00"/>
      <prob index="0,0,1" value="0.000000000E+00"/>
      <prob index="0,0,2" value="8.589543809E-03"/>
      <prob index="0,1,0" value="0.000000000E+00"/>
      <prob index="0,1,1" value="0.000000000E+00"/>
      <prob index="0,1,2" value="0.000000000E+00"/>
      <prob index="0,2,0" value="0.000000000E+00"/>
      <prob index="0,2,1" value="0.000000000E+00"/>
      <prob index="0,2,2" value="0.000000000E+00"/>
      <prob index="0,3,0" value="0.000000000E+00"/>
      <prob index="0,3,1" value="0.000000000E+00"/>
      <prob index="0,3,2" value="0.000000000E+00"/>
      <prob index="1,0,0" value="0.000000000E+00"/>
      <prob index="1,0,1" value="1.610487279E-03"/>
      <prob index="1,0,2" value="5.087869072E-03"/>
      <prob index="1,1,0" value="0.000000000E+00"/>
      <prob index="1,1,1" value="0.000000000E+00"/>
      <prob index="1,1,2" value="1.054633443E-06"/>
      <prob index="1,2,0" value="0.000000000E+00"/>
      <prob index="1,2,1" value="0.000000000E+00"/>
      <prob index="1,2,2" value="0.000000000E+00"/>
      <prob index="1,3,0" value="0.000000000E+00"/>
      <prob index="1,3,1" value="0.000000000E+00"/>
      <prob index="1,3,2" value="0.000000000E+00"/>
      <prob index="2,0,0" value="0.000000000E+00"/>
      <prob index="2,0,1" value="1.320359620E-03"/>
      <prob index="2,0,2" value="1.763161983E-03"/>
      <prob index="2,1,0" value="0.000000000E+00"/>
      <prob index="2,1,1" value="0.000000000E+00"/>
      <prob index="2,1,2" value="1.829023757E-05"/>
      <prob index="2,2,0" value="0.000000000E+00"/>
      <prob index="2,2,1" value="0.000000000E+00"/>
      <prob index="2,2,2" value="0.000000000E+00"/>
      <prob index="2,3,0" value="0.000000000E+00"/>
      <prob index="2,3,1" value="0.000000000E+00"/>
      <prob index="2,3,2" value="0.000000000E+00"/>
    </disaggMatrix>
    <disaggMatrix type="Lon,Lat" dims="2,1" poE="2.000000000E-02" iml="6.006838365E-01">
      <prob index="0,0" value="1.827462982E-02"/>
      <prob index="1,0" value="9.101923835E-07"/>
    </disaggMatrix>
    <disaggMatrix type="Mag,Lon,Lat" dims="3,2,1" poE="2.000000000E-02" iml="6.006838365E-01">
      <prob index="0,0,0" value="8.589543809E-03"/>
      <prob index="0,1,0" value="0.000000000E+00"/>
      <prob index="1,0,0" value="6.690305878E-03"/>
      <prob index="1,1,0" value="9.101923835E-07"/>
      <prob index="2,0,0" value="3.099427477E-03"/>
      <prob index="2,1,0" value="0.000000000E+00"/>
    </disaggMatrix>
    <disaggMatrix type="Lon,Lat,TRT" dims="2,1,1" poE="2.000000000E-02" iml="6.006838365E-01">
      <prob index="0,0,0" value="1.827462982E-02"/>
      <prob index="1,0,0" value="9.101923835E-07"/>
    </disaggMatrix>
  </disaggMatrices>
</nrml>
