0.0 0.0,4.5701349E-01 5.8626788E-02 6.8661644E-03,6.0867476E-01 3.3083046E-01 2.0147122E-01
