col=00~ses=0058~src=1~rup=1671-01,0,5.20341816E-01
col=00~ses=0122~src=1~rup=085-01,0,2.45000156E-01
col=00~ses=0250~src=1~rup=910-01,0,3.62531718E-01
col=00~ses=0262~src=1~rup=176-01,0,2.55822242E-01
