0.0 0.0,7.1174076E-03 1.4275515E-03 0.0000000E+00 0.0000000E+00
