0.0 0.0,5.8555328E-01 5.8108331E-01 5.6897778E-01
