rupture_tag,aggregate_loss,insured_loss
col=09~ses=0001~src=FSBG_TRBG103-25~rup=008-01,1.7192973E+05,      NAN
col=09~ses=0001~src=FSBG_TRBG103-37~rup=005-01,4.9067378E+05,      NAN
col=09~ses=0001~src=FSBG_TRCS322-4,39~rup=001-01,4.1267105E+06,      NAN
