asset_ref,lon_lat,taxonomy,fatalities
a0,81.2985 29.1098,RC,10.0
a1,83.0823 27.9006,RC,20.0
a2,85.7477 27.9015,RC,30.0
a3,85.7477 27.9015,RC,0.0
a4,87.7477 27.9015,RC,50.0
