asset_ref:|S20:,lon:float64:,lat:float64:,value0:float32:,value1:float32:
a0,8.1298500E+01,2.9109800E+01,2.4021550E-01,      NAN
a1,8.3082300E+01,2.7900600E+01,5.5114472E-01,      NAN
a2,8.5747700E+01,2.7901500E+01,4.7721523E-01,      NAN
a3,8.5747700E+01,2.7901500E+01,0.0000000E+00,      NAN
