<?xml version='1.0' encoding='UTF-8'?>
<nrml xmlns:gml="http://www.opengis.net/gml" xmlns="http://openquake.org/xmlns/nrml/0.5">
  <disaggMatrices sourceModelTreePath="b1" gsimTreePath="b1" IMT="PGA" investigationTime="50.0" lon="10.1" lat="40.1" magBinEdges="5.000000000E+00, 6.000000000E+00, 7.000000000E+00, 8.000000000E+00" distBinEdges="0.000000000E+00, 2.500000000E+01, 5.000000000E+01, 7.500000000E+01, 1.000000000E+02" lonBinEdges="9.000000000E+00, 1.050000000E+01, 1.200000000E+01" latBinEdges="3.900000000E+01, 4.050000000E+01" epsBinEdges="-3.000000000E+00, -1.000000000E+00, 1.000000000E+00, 3.000000000E+00" tectonicRegionTypes="Active Shallow Crust">
    <disaggMatrix type="Mag" dims="3" poE="1.000000000E-01" iml="3.004997757E-01">
      <prob index="0" value="5.580770883E-02"/>
      <prob index="1" value="3.229038993E-02"/>
      <prob index="2" value="1.035752564E-02"/>
    </disaggMatrix>
    <disaggMatrix type="Dist" dims="4" poE="1.000000000E-01" iml="3.004997757E-01">
      <prob index="0" value="9.097570389E-02"/>
      <prob index="1" value="5.096875726E-03"/>
      <prob index="2" value="1.668199187E-04"/>
      <prob index="3" value="0.000000000E+00"/>
    </disaggMatrix>
    <disaggMatrix type="TRT" dims="1" poE="1.000000000E-01" iml="3.004997757E-01">
      <prob index="0" value="9.575975821E-02"/>
    </disaggMatrix>
    <disaggMatrix type="Mag,Dist" dims="3,4" poE="1.000000000E-01" iml="3.004997757E-01">
      <prob index="0,0" value="5.555041531E-02"/>
      <prob index="0,1" value="2.724269519E-04"/>
      <prob index="0,2" value="0.000000000E+00"/>
      <prob index="0,3" value="0.000000000E+00"/>
      <prob index="1,0" value="2.817971942E-02"/>
      <prob index="1,1" value="4.219661942E-03"/>
      <prob index="1,2" value="1.024827433E-05"/>
      <prob index="1,3" value="0.000000000E+00"/>
      <prob index="2,0" value="9.599723022E-03"/>
      <prob index="2,1" value="6.086698813E-04"/>
      <prob index="2,2" value="1.565732490E-04"/>
      <prob index="2,3" value="0.000000000E+00"/>
    </disaggMatrix>
    <disaggMatrix type="Mag,Dist,Eps" dims="3,4,3" poE="1.000000000E-01" iml="3.004997757E-01">
      <prob index="0,0,0" value="0.000000000E+00"/>
      <prob index="0,0,1" value="1.087397025E-02"/>
      <prob index="0,0,2" value="4.516759615E-02"/>
      <prob index="0,1,0" value="0.000000000E+00"/>
      <prob index="0,1,1" value="0.000000000E+00"/>
      <prob index="0,1,2" value="2.724269519E-04"/>
      <prob index="0,2,0" value="0.000000000E+00"/>
      <prob index="0,2,1" value="0.000000000E+00"/>
      <prob index="0,2,2" value="0.000000000E+00"/>
      <prob index="0,3,0" value="0.000000000E+00"/>
      <prob index="0,3,1" value="0.000000000E+00"/>
      <prob index="0,3,2" value="0.000000000E+00"/>
      <prob index="1,0,0" value="2.943957645E-05"/>
      <prob index="1,0,1" value="1.400704242E-02"/>
      <prob index="1,0,2" value="1.434499716E-02"/>
      <prob index="1,1,0" value="0.000000000E+00"/>
      <prob index="1,1,1" value="0.000000000E+00"/>
      <prob index="1,1,2" value="4.219661942E-03"/>
      <prob index="1,2,0" value="0.000000000E+00"/>
      <prob index="1,2,1" value="0.000000000E+00"/>
      <prob index="1,2,2" value="1.024827433E-05"/>
      <prob index="1,3,0" value="0.000000000E+00"/>
      <prob index="1,3,1" value="0.000000000E+00"/>
      <prob index="1,3,2" value="0.000000000E+00"/>
      <prob index="2,0,0" value="1.608863452E-04"/>
      <prob index="2,0,1" value="5.954319582E-03"/>
      <prob index="2,0,2" value="3.506917224E-03"/>
      <prob index="2,1,0" value="0.000000000E+00"/>
      <prob index="2,1,1" value="0.000000000E+00"/>
      <prob index="2,1,2" value="6.086698813E-04"/>
      <prob index="2,2,0" value="0.000000000E+00"/>
      <prob index="2,2,1" value="0.000000000E+00"/>
      <prob index="2,2,2" value="1.565732490E-04"/>
      <prob index="2,3,0" value="0.000000000E+00"/>
      <prob index="2,3,1" value="0.000000000E+00"/>
      <prob index="2,3,2" value="0.000000000E+00"/>
    </disaggMatrix>
    <disaggMatrix type="Lon,Lat" dims="2,1" poE="1.000000000E-01" iml="3.004997757E-01">
      <prob index="0,0" value="9.287895139E-02"/>
      <prob index="1,0" value="3.175768903E-03"/>
    </disaggMatrix>
    <disaggMatrix type="Mag,Lon,Lat" dims="3,2,1" poE="1.000000000E-01" iml="3.004997757E-01">
      <prob index="0,0,0" value="5.578010611E-02"/>
      <prob index="0,1,0" value="2.923336141E-05"/>
      <prob index="1,0,0" value="2.923575643E-02"/>
      <prob index="1,1,0" value="3.146627528E-03"/>
      <prob index="2,0,0" value="1.035752564E-02"/>
      <prob index="2,1,0" value="0.000000000E+00"/>
    </disaggMatrix>
    <disaggMatrix type="Lon,Lat,TRT" dims="2,1,1" poE="1.000000000E-01" iml="3.004997757E-01">
      <prob index="0,0,0" value="9.287895139E-02"/>
      <prob index="1,0,0" value="3.175768903E-03"/>
    </disaggMatrix>
  </disaggMatrices>
</nrml>
